Archive member included to satisfy reference by file (symbol)

c:/program files (x86)/atmel/studio/7.0/toolchain/avr8/avr8-gnu-toolchain/bin/../lib/gcc/avr/5.4.0/avr5\libgcc.a(_divmodhi4.o)
                              game.o (__divmodhi4)
c:/program files (x86)/atmel/studio/7.0/toolchain/avr8/avr8-gnu-toolchain/bin/../lib/gcc/avr/5.4.0/avr5\libgcc.a(_udivmodsi4.o)
                              src/serial/serial.o (__udivmodsi4)
c:/program files (x86)/atmel/studio/7.0/toolchain/avr8/avr8-gnu-toolchain/bin/../lib/gcc/avr/5.4.0/avr5\libgcc.a(_exit.o)
                              C:/Program Files (x86)/Atmel/Studio/7.0/Packs/atmel/ATmega_DFP/1.2.209/gcc/dev/atmega324pa/avr5/crtatmega324pa.o (exit)
c:/program files (x86)/atmel/studio/7.0/toolchain/avr8/avr8-gnu-toolchain/bin/../lib/gcc/avr/5.4.0/avr5\libgcc.a(_copy_data.o)
                              game.o (__do_copy_data)
c:/program files (x86)/atmel/studio/7.0/toolchain/avr8/avr8-gnu-toolchain/bin/../lib/gcc/avr/5.4.0/avr5\libgcc.a(_clear_bss.o)
                              game.o (__do_clear_bss)
c:/program files (x86)/atmel/studio/7.0/toolchain/avr8/avr8-gnu-toolchain/bin/../lib/gcc/avr/5.4.0/avr5\libgcc.a(_udivmodhi4.o)
                              c:/program files (x86)/atmel/studio/7.0/toolchain/avr8/avr8-gnu-toolchain/bin/../lib/gcc/avr/5.4.0/avr5\libgcc.a(_divmodhi4.o) (__udivmodhi4)
c:/program files (x86)/atmel/studio/7.0/toolchain/avr8/avr8-gnu-toolchain/bin/../lib/gcc/avr/5.4.0/../../../../avr/lib/avr5\libc.a(memcpy.o)
                              src/FreeRTOS/Source/queue.o (memcpy)
c:/program files (x86)/atmel/studio/7.0/toolchain/avr8/avr8-gnu-toolchain/bin/../lib/gcc/avr/5.4.0/../../../../avr/lib/avr5\libc.a(memset.o)
                              src/FreeRTOS/Source/tasks.o (memset)
c:/program files (x86)/atmel/studio/7.0/toolchain/avr8/avr8-gnu-toolchain/bin/../lib/gcc/avr/5.4.0/../../../../avr/lib/avr5\libc.a(strlen.o)
                              game.o (strlen)

Allocating common symbols
Common symbol       size              file

bata                0x6               game.o
batb                0x6               game.o

Discarded input sections

 .data          0x00000000        0x0 C:/Program Files (x86)/Atmel/Studio/7.0/Packs/atmel/ATmega_DFP/1.2.209/gcc/dev/atmega324pa/avr5/crtatmega324pa.o
 .bss           0x00000000        0x0 C:/Program Files (x86)/Atmel/Studio/7.0/Packs/atmel/ATmega_DFP/1.2.209/gcc/dev/atmega324pa/avr5/crtatmega324pa.o
 .text          0x00000000        0x0 byteStuffing.o
 .data          0x00000000        0x0 byteStuffing.o
 .bss           0x00000000        0x0 byteStuffing.o
 .text          0x00000000        0x0 game.o
 .data          0x00000000        0x0 game.o
 .bss           0x00000000        0x0 game.o
 .text.hide_game
                0x00000000       0xda game.o
 .text.unhide_game
                0x00000000       0x9c game.o
 COMMON         0x00000000        0xc game.o
 .text          0x00000000        0x0 joystick.o
 .data          0x00000000        0x0 joystick.o
 .bss           0x00000000        0x0 joystick.o
 .text          0x00000000        0x0 main.o
 .data          0x00000000        0x0 main.o
 .bss           0x00000000        0x0 main.o
 .text          0x00000000        0x0 protocol.o
 .data          0x00000000        0x0 protocol.o
 .bss           0x00000000        0x0 protocol.o
 .text          0x00000000        0x0 serialcom.o
 .data          0x00000000        0x0 serialcom.o
 .bss           0x00000000        0x0 serialcom.o
 .rodata._COM_RX_QUEUE_LENGTH
                0x00000000        0x1 serialcom.o
 .text          0x00000000        0x0 src/board/board.o
 .data          0x00000000        0x0 src/board/board.o
 .bss           0x00000000        0x0 src/board/board.o
 .text.com_send_bytes
                0x00000000       0x32 src/board/board.o
 .text          0x00000000        0x0 src/buffer/buffer.o
 .data          0x00000000        0x0 src/buffer/buffer.o
 .bss           0x00000000        0x0 src/buffer/buffer.o
 .text.buffer_is_empty
                0x00000000       0x28 src/buffer/buffer.o
 .text.buffer_no_of_items
                0x00000000       0x20 src/buffer/buffer.o
 .text.buffer_clear
                0x00000000       0x32 src/buffer/buffer.o
 .text          0x00000000        0x0 src/FreeRTOS/Source/croutine.o
 .data          0x00000000        0x0 src/FreeRTOS/Source/croutine.o
 .bss           0x00000000        0x0 src/FreeRTOS/Source/croutine.o
 .bss.pxReadyCoRoutineLists
                0x00000000       0x12 src/FreeRTOS/Source/croutine.o
 .bss.xDelayedCoRoutineList1
                0x00000000        0x9 src/FreeRTOS/Source/croutine.o
 .bss.xDelayedCoRoutineList2
                0x00000000        0x9 src/FreeRTOS/Source/croutine.o
 .bss.pxDelayedCoRoutineList
                0x00000000        0x2 src/FreeRTOS/Source/croutine.o
 .bss.pxOverflowDelayedCoRoutineList
                0x00000000        0x2 src/FreeRTOS/Source/croutine.o
 .bss.xPendingReadyCoRoutineList
                0x00000000        0x9 src/FreeRTOS/Source/croutine.o
 .bss.pxCurrentCoRoutine
                0x00000000        0x2 src/FreeRTOS/Source/croutine.o
 .bss.uxTopCoRoutineReadyPriority
                0x00000000        0x1 src/FreeRTOS/Source/croutine.o
 .bss.xCoRoutineTickCount
                0x00000000        0x2 src/FreeRTOS/Source/croutine.o
 .bss.xLastTickCount
                0x00000000        0x2 src/FreeRTOS/Source/croutine.o
 .bss.xPassedTicks
                0x00000000        0x2 src/FreeRTOS/Source/croutine.o
 .text.xCoRoutineCreate
                0x00000000      0x138 src/FreeRTOS/Source/croutine.o
 .text.vCoRoutineAddToDelayedList
                0x00000000       0xca src/FreeRTOS/Source/croutine.o
 .text.prvCheckPendingReadyList
                0x00000000       0x9a src/FreeRTOS/Source/croutine.o
 .text.prvCheckDelayedList
                0x00000000      0x16e src/FreeRTOS/Source/croutine.o
 .text.vCoRoutineSchedule
                0x00000000      0x10a src/FreeRTOS/Source/croutine.o
 .text.prvInitialiseCoRoutineLists
                0x00000000       0x74 src/FreeRTOS/Source/croutine.o
 .text.xCoRoutineRemoveFromEventList
                0x00000000       0x72 src/FreeRTOS/Source/croutine.o
 .debug_info    0x00000000      0x4d8 src/FreeRTOS/Source/croutine.o
 .debug_abbrev  0x00000000      0x182 src/FreeRTOS/Source/croutine.o
 .debug_loc     0x00000000      0x1f7 src/FreeRTOS/Source/croutine.o
 .debug_aranges
                0x00000000       0x50 src/FreeRTOS/Source/croutine.o
 .debug_ranges  0x00000000       0x40 src/FreeRTOS/Source/croutine.o
 .debug_line    0x00000000      0x41a src/FreeRTOS/Source/croutine.o
 .debug_str     0x00000000      0x4f7 src/FreeRTOS/Source/croutine.o
 .comment       0x00000000       0x31 src/FreeRTOS/Source/croutine.o
 .debug_frame   0x00000000       0xf4 src/FreeRTOS/Source/croutine.o
 .text          0x00000000        0x0 src/FreeRTOS/Source/event_groups.o
 .data          0x00000000        0x0 src/FreeRTOS/Source/event_groups.o
 .bss           0x00000000        0x0 src/FreeRTOS/Source/event_groups.o
 .text.xEventGroupCreate
                0x00000000       0x40 src/FreeRTOS/Source/event_groups.o
 .text.xEventGroupSync
                0x00000000      0x176 src/FreeRTOS/Source/event_groups.o
 .text.xEventGroupWaitBits
                0x00000000      0x18c src/FreeRTOS/Source/event_groups.o
 .text.xEventGroupClearBits
                0x00000000       0x72 src/FreeRTOS/Source/event_groups.o
 .text.xEventGroupGetBitsFromISR
                0x00000000       0x46 src/FreeRTOS/Source/event_groups.o
 .text.xEventGroupSetBits
                0x00000000      0x17a src/FreeRTOS/Source/event_groups.o
 .text.vEventGroupDelete
                0x00000000       0x68 src/FreeRTOS/Source/event_groups.o
 .text.vEventGroupSetBitsCallback
                0x00000000       0x3c src/FreeRTOS/Source/event_groups.o
 .text.vEventGroupClearBitsCallback
                0x00000000       0x3c src/FreeRTOS/Source/event_groups.o
 .text.prvTestWaitCondition
                0x00000000       0x64 src/FreeRTOS/Source/event_groups.o
 .text.uxEventGroupGetNumber
                0x00000000       0x42 src/FreeRTOS/Source/event_groups.o
 .debug_info    0x00000000      0x6a6 src/FreeRTOS/Source/event_groups.o
 .debug_abbrev  0x00000000      0x155 src/FreeRTOS/Source/event_groups.o
 .debug_loc     0x00000000      0x32d src/FreeRTOS/Source/event_groups.o
 .debug_aranges
                0x00000000       0x70 src/FreeRTOS/Source/event_groups.o
 .debug_ranges  0x00000000       0x60 src/FreeRTOS/Source/event_groups.o
 .debug_line    0x00000000      0x50e src/FreeRTOS/Source/event_groups.o
 .debug_str     0x00000000      0x537 src/FreeRTOS/Source/event_groups.o
 .comment       0x00000000       0x31 src/FreeRTOS/Source/event_groups.o
 .debug_frame   0x00000000      0x180 src/FreeRTOS/Source/event_groups.o
 .text          0x00000000        0x0 src/FreeRTOS/Source/list.o
 .data          0x00000000        0x0 src/FreeRTOS/Source/list.o
 .bss           0x00000000        0x0 src/FreeRTOS/Source/list.o
 .text          0x00000000        0x0 src/FreeRTOS/Source/portable/GCC/ATMega324/port.o
 .data          0x00000000        0x0 src/FreeRTOS/Source/portable/GCC/ATMega324/port.o
 .bss           0x00000000        0x0 src/FreeRTOS/Source/portable/GCC/ATMega324/port.o
 .text.vPortEndScheduler
                0x00000000       0x10 src/FreeRTOS/Source/portable/GCC/ATMega324/port.o
 .text          0x00000000        0x0 src/serial/serial.o
 .data          0x00000000        0x0 src/serial/serial.o
 .bss           0x00000000        0x0 src/serial/serial.o
 .text.serial_send_bytes
                0x00000000       0xbe src/serial/serial.o
 .text          0x00000000        0x0 src/FreeRTOS/Source/portable/MemMang/heap_2.o
 .data          0x00000000        0x0 src/FreeRTOS/Source/portable/MemMang/heap_2.o
 .bss           0x00000000        0x0 src/FreeRTOS/Source/portable/MemMang/heap_2.o
 .rodata.heapSTRUCT_SIZE
                0x00000000        0x2 src/FreeRTOS/Source/portable/MemMang/heap_2.o
 .text.xPortGetFreeHeapSize
                0x00000000       0x16 src/FreeRTOS/Source/portable/MemMang/heap_2.o
 .text.vPortInitialiseBlocks
                0x00000000       0x10 src/FreeRTOS/Source/portable/MemMang/heap_2.o
 .text          0x00000000        0x0 src/FreeRTOS/Source/queue.o
 .data          0x00000000        0x0 src/FreeRTOS/Source/queue.o
 .bss           0x00000000        0x0 src/FreeRTOS/Source/queue.o
 .text.prvInitialiseMutex
                0x00000000       0x50 src/FreeRTOS/Source/queue.o
 .text.xQueueCreateMutex
                0x00000000       0x40 src/FreeRTOS/Source/queue.o
 .text.xQueueGiveFromISR
                0x00000000       0xb4 src/FreeRTOS/Source/queue.o
 .text.xQueueReceiveFromISR
                0x00000000       0xbe src/FreeRTOS/Source/queue.o
 .text.xQueuePeekFromISR
                0x00000000       0x78 src/FreeRTOS/Source/queue.o
 .text.uxQueueMessagesWaiting
                0x00000000       0x32 src/FreeRTOS/Source/queue.o
 .text.uxQueueMessagesWaitingFromISR
                0x00000000       0x28 src/FreeRTOS/Source/queue.o
 .text.vQueueDelete
                0x00000000       0x30 src/FreeRTOS/Source/queue.o
 .text.uxQueueGetQueueNumber
                0x00000000       0x20 src/FreeRTOS/Source/queue.o
 .text.vQueueSetQueueNumber
                0x00000000       0x2a src/FreeRTOS/Source/queue.o
 .text.ucQueueGetQueueType
                0x00000000       0x20 src/FreeRTOS/Source/queue.o
 .text.xQueueIsQueueEmptyFromISR
                0x00000000       0x32 src/FreeRTOS/Source/queue.o
 .text.xQueueIsQueueFullFromISR
                0x00000000       0x3a src/FreeRTOS/Source/queue.o
 .text.xQueueCRSend
                0x00000000       0xc2 src/FreeRTOS/Source/queue.o
 .text.xQueueCRReceive
                0x00000000      0x132 src/FreeRTOS/Source/queue.o
 .text.xQueueCRSendFromISR
                0x00000000       0x82 src/FreeRTOS/Source/queue.o
 .text.xQueueCRReceiveFromISR
                0x00000000      0x108 src/FreeRTOS/Source/queue.o
 .text          0x00000000        0x0 src/FreeRTOS/Source/tasks.o
 .data          0x00000000        0x0 src/FreeRTOS/Source/tasks.o
 .bss           0x00000000        0x0 src/FreeRTOS/Source/tasks.o
 .text.vTaskDelete
                0x00000000       0xd2 src/FreeRTOS/Source/tasks.o
 .text.eTaskGetState
                0x00000000       0xa8 src/FreeRTOS/Source/tasks.o
 .text.vTaskEndScheduler
                0x00000000       0x1a src/FreeRTOS/Source/tasks.o
 .text.xTaskGetTickCountFromISR
                0x00000000       0x2a src/FreeRTOS/Source/tasks.o
 .text.uxTaskGetNumberOfTasks
                0x00000000       0x12 src/FreeRTOS/Source/tasks.o
 .text.pcTaskGetName
                0x00000000       0x3e src/FreeRTOS/Source/tasks.o
 .text.uxTaskGetSystemState
                0x00000000      0x140 src/FreeRTOS/Source/tasks.o
 .text.vTaskSetApplicationTaskTag
                0x00000000       0x60 src/FreeRTOS/Source/tasks.o
 .text.xTaskGetApplicationTaskTag
                0x00000000       0x5e src/FreeRTOS/Source/tasks.o
 .text.xTaskCallApplicationTaskHook
                0x00000000       0x74 src/FreeRTOS/Source/tasks.o
 .text.vTaskPlaceOnUnorderedEventList
                0x00000000       0x64 src/FreeRTOS/Source/tasks.o
 .text.xTaskRemoveFromUnorderedEventList
                0x00000000       0xd6 src/FreeRTOS/Source/tasks.o
 .text.uxTaskGetTaskNumber
                0x00000000       0x42 src/FreeRTOS/Source/tasks.o
 .text.vTaskSetTaskNumber
                0x00000000       0x40 src/FreeRTOS/Source/tasks.o
 .text.vTaskGetInfo
                0x00000000      0x112 src/FreeRTOS/Source/tasks.o
 .text.prvListTasksWithinSingleList
                0x00000000      0x14c src/FreeRTOS/Source/tasks.o
 .text.xTaskGetCurrentTaskHandle
                0x00000000       0x24 src/FreeRTOS/Source/tasks.o
 .text.uxTaskResetEventItemValue
                0x00000000       0x54 src/FreeRTOS/Source/tasks.o
 .text.ulTaskNotifyTake
                0x00000000       0xfa src/FreeRTOS/Source/tasks.o
 .text.xTaskNotifyWait
                0x00000000      0x14c src/FreeRTOS/Source/tasks.o
 .text.xTaskGenericNotify
                0x00000000      0x1c2 src/FreeRTOS/Source/tasks.o
 .text.xTaskGenericNotifyFromISR
                0x00000000      0x1f8 src/FreeRTOS/Source/tasks.o
 .text.vTaskNotifyGiveFromISR
                0x00000000      0x11c src/FreeRTOS/Source/tasks.o
 .text.xTaskNotifyStateClear
                0x00000000       0x64 src/FreeRTOS/Source/tasks.o
 .text          0x00000000        0x0 src/FreeRTOS/Source/timers.o
 .data          0x00000000        0x0 src/FreeRTOS/Source/timers.o
 .bss           0x00000000        0x0 src/FreeRTOS/Source/timers.o
 .debug_info    0x00000000       0x64 src/FreeRTOS/Source/timers.o
 .debug_abbrev  0x00000000       0x26 src/FreeRTOS/Source/timers.o
 .debug_aranges
                0x00000000       0x18 src/FreeRTOS/Source/timers.o
 .debug_line    0x00000000       0x1a src/FreeRTOS/Source/timers.o
 .debug_str     0x00000000      0x196 src/FreeRTOS/Source/timers.o
 .comment       0x00000000       0x31 src/FreeRTOS/Source/timers.o
 .text          0x00000000        0x0 c:/program files (x86)/atmel/studio/7.0/toolchain/avr8/avr8-gnu-toolchain/bin/../lib/gcc/avr/5.4.0/avr5\libgcc.a(_divmodhi4.o)
 .data          0x00000000        0x0 c:/program files (x86)/atmel/studio/7.0/toolchain/avr8/avr8-gnu-toolchain/bin/../lib/gcc/avr/5.4.0/avr5\libgcc.a(_divmodhi4.o)
 .bss           0x00000000        0x0 c:/program files (x86)/atmel/studio/7.0/toolchain/avr8/avr8-gnu-toolchain/bin/../lib/gcc/avr/5.4.0/avr5\libgcc.a(_divmodhi4.o)
 .text.libgcc.mul
                0x00000000        0x0 c:/program files (x86)/atmel/studio/7.0/toolchain/avr8/avr8-gnu-toolchain/bin/../lib/gcc/avr/5.4.0/avr5\libgcc.a(_divmodhi4.o)
 .text.libgcc   0x00000000        0x0 c:/program files (x86)/atmel/studio/7.0/toolchain/avr8/avr8-gnu-toolchain/bin/../lib/gcc/avr/5.4.0/avr5\libgcc.a(_divmodhi4.o)
 .text.libgcc.prologue
                0x00000000        0x0 c:/program files (x86)/atmel/studio/7.0/toolchain/avr8/avr8-gnu-toolchain/bin/../lib/gcc/avr/5.4.0/avr5\libgcc.a(_divmodhi4.o)
 .text.libgcc.builtins
                0x00000000        0x0 c:/program files (x86)/atmel/studio/7.0/toolchain/avr8/avr8-gnu-toolchain/bin/../lib/gcc/avr/5.4.0/avr5\libgcc.a(_divmodhi4.o)
 .text.libgcc.fmul
                0x00000000        0x0 c:/program files (x86)/atmel/studio/7.0/toolchain/avr8/avr8-gnu-toolchain/bin/../lib/gcc/avr/5.4.0/avr5\libgcc.a(_divmodhi4.o)
 .text.libgcc.fixed
                0x00000000        0x0 c:/program files (x86)/atmel/studio/7.0/toolchain/avr8/avr8-gnu-toolchain/bin/../lib/gcc/avr/5.4.0/avr5\libgcc.a(_divmodhi4.o)
 .text          0x00000000        0x0 c:/program files (x86)/atmel/studio/7.0/toolchain/avr8/avr8-gnu-toolchain/bin/../lib/gcc/avr/5.4.0/avr5\libgcc.a(_udivmodsi4.o)
 .data          0x00000000        0x0 c:/program files (x86)/atmel/studio/7.0/toolchain/avr8/avr8-gnu-toolchain/bin/../lib/gcc/avr/5.4.0/avr5\libgcc.a(_udivmodsi4.o)
 .bss           0x00000000        0x0 c:/program files (x86)/atmel/studio/7.0/toolchain/avr8/avr8-gnu-toolchain/bin/../lib/gcc/avr/5.4.0/avr5\libgcc.a(_udivmodsi4.o)
 .text.libgcc.mul
                0x00000000        0x0 c:/program files (x86)/atmel/studio/7.0/toolchain/avr8/avr8-gnu-toolchain/bin/../lib/gcc/avr/5.4.0/avr5\libgcc.a(_udivmodsi4.o)
 .text.libgcc   0x00000000        0x0 c:/program files (x86)/atmel/studio/7.0/toolchain/avr8/avr8-gnu-toolchain/bin/../lib/gcc/avr/5.4.0/avr5\libgcc.a(_udivmodsi4.o)
 .text.libgcc.prologue
                0x00000000        0x0 c:/program files (x86)/atmel/studio/7.0/toolchain/avr8/avr8-gnu-toolchain/bin/../lib/gcc/avr/5.4.0/avr5\libgcc.a(_udivmodsi4.o)
 .text.libgcc.builtins
                0x00000000        0x0 c:/program files (x86)/atmel/studio/7.0/toolchain/avr8/avr8-gnu-toolchain/bin/../lib/gcc/avr/5.4.0/avr5\libgcc.a(_udivmodsi4.o)
 .text.libgcc.fmul
                0x00000000        0x0 c:/program files (x86)/atmel/studio/7.0/toolchain/avr8/avr8-gnu-toolchain/bin/../lib/gcc/avr/5.4.0/avr5\libgcc.a(_udivmodsi4.o)
 .text.libgcc.fixed
                0x00000000        0x0 c:/program files (x86)/atmel/studio/7.0/toolchain/avr8/avr8-gnu-toolchain/bin/../lib/gcc/avr/5.4.0/avr5\libgcc.a(_udivmodsi4.o)
 .text          0x00000000        0x0 c:/program files (x86)/atmel/studio/7.0/toolchain/avr8/avr8-gnu-toolchain/bin/../lib/gcc/avr/5.4.0/avr5\libgcc.a(_exit.o)
 .data          0x00000000        0x0 c:/program files (x86)/atmel/studio/7.0/toolchain/avr8/avr8-gnu-toolchain/bin/../lib/gcc/avr/5.4.0/avr5\libgcc.a(_exit.o)
 .bss           0x00000000        0x0 c:/program files (x86)/atmel/studio/7.0/toolchain/avr8/avr8-gnu-toolchain/bin/../lib/gcc/avr/5.4.0/avr5\libgcc.a(_exit.o)
 .text.libgcc.mul
                0x00000000        0x0 c:/program files (x86)/atmel/studio/7.0/toolchain/avr8/avr8-gnu-toolchain/bin/../lib/gcc/avr/5.4.0/avr5\libgcc.a(_exit.o)
 .text.libgcc.div
                0x00000000        0x0 c:/program files (x86)/atmel/studio/7.0/toolchain/avr8/avr8-gnu-toolchain/bin/../lib/gcc/avr/5.4.0/avr5\libgcc.a(_exit.o)
 .text.libgcc   0x00000000        0x0 c:/program files (x86)/atmel/studio/7.0/toolchain/avr8/avr8-gnu-toolchain/bin/../lib/gcc/avr/5.4.0/avr5\libgcc.a(_exit.o)
 .text.libgcc.prologue
                0x00000000        0x0 c:/program files (x86)/atmel/studio/7.0/toolchain/avr8/avr8-gnu-toolchain/bin/../lib/gcc/avr/5.4.0/avr5\libgcc.a(_exit.o)
 .text.libgcc.builtins
                0x00000000        0x0 c:/program files (x86)/atmel/studio/7.0/toolchain/avr8/avr8-gnu-toolchain/bin/../lib/gcc/avr/5.4.0/avr5\libgcc.a(_exit.o)
 .text.libgcc.fmul
                0x00000000        0x0 c:/program files (x86)/atmel/studio/7.0/toolchain/avr8/avr8-gnu-toolchain/bin/../lib/gcc/avr/5.4.0/avr5\libgcc.a(_exit.o)
 .text.libgcc.fixed
                0x00000000        0x0 c:/program files (x86)/atmel/studio/7.0/toolchain/avr8/avr8-gnu-toolchain/bin/../lib/gcc/avr/5.4.0/avr5\libgcc.a(_exit.o)
 .text          0x00000000        0x0 c:/program files (x86)/atmel/studio/7.0/toolchain/avr8/avr8-gnu-toolchain/bin/../lib/gcc/avr/5.4.0/avr5\libgcc.a(_copy_data.o)
 .data          0x00000000        0x0 c:/program files (x86)/atmel/studio/7.0/toolchain/avr8/avr8-gnu-toolchain/bin/../lib/gcc/avr/5.4.0/avr5\libgcc.a(_copy_data.o)
 .bss           0x00000000        0x0 c:/program files (x86)/atmel/studio/7.0/toolchain/avr8/avr8-gnu-toolchain/bin/../lib/gcc/avr/5.4.0/avr5\libgcc.a(_copy_data.o)
 .text.libgcc.mul
                0x00000000        0x0 c:/program files (x86)/atmel/studio/7.0/toolchain/avr8/avr8-gnu-toolchain/bin/../lib/gcc/avr/5.4.0/avr5\libgcc.a(_copy_data.o)
 .text.libgcc.div
                0x00000000        0x0 c:/program files (x86)/atmel/studio/7.0/toolchain/avr8/avr8-gnu-toolchain/bin/../lib/gcc/avr/5.4.0/avr5\libgcc.a(_copy_data.o)
 .text.libgcc   0x00000000        0x0 c:/program files (x86)/atmel/studio/7.0/toolchain/avr8/avr8-gnu-toolchain/bin/../lib/gcc/avr/5.4.0/avr5\libgcc.a(_copy_data.o)
 .text.libgcc.prologue
                0x00000000        0x0 c:/program files (x86)/atmel/studio/7.0/toolchain/avr8/avr8-gnu-toolchain/bin/../lib/gcc/avr/5.4.0/avr5\libgcc.a(_copy_data.o)
 .text.libgcc.builtins
                0x00000000        0x0 c:/program files (x86)/atmel/studio/7.0/toolchain/avr8/avr8-gnu-toolchain/bin/../lib/gcc/avr/5.4.0/avr5\libgcc.a(_copy_data.o)
 .text.libgcc.fmul
                0x00000000        0x0 c:/program files (x86)/atmel/studio/7.0/toolchain/avr8/avr8-gnu-toolchain/bin/../lib/gcc/avr/5.4.0/avr5\libgcc.a(_copy_data.o)
 .text.libgcc.fixed
                0x00000000        0x0 c:/program files (x86)/atmel/studio/7.0/toolchain/avr8/avr8-gnu-toolchain/bin/../lib/gcc/avr/5.4.0/avr5\libgcc.a(_copy_data.o)
 .text          0x00000000        0x0 c:/program files (x86)/atmel/studio/7.0/toolchain/avr8/avr8-gnu-toolchain/bin/../lib/gcc/avr/5.4.0/avr5\libgcc.a(_clear_bss.o)
 .data          0x00000000        0x0 c:/program files (x86)/atmel/studio/7.0/toolchain/avr8/avr8-gnu-toolchain/bin/../lib/gcc/avr/5.4.0/avr5\libgcc.a(_clear_bss.o)
 .bss           0x00000000        0x0 c:/program files (x86)/atmel/studio/7.0/toolchain/avr8/avr8-gnu-toolchain/bin/../lib/gcc/avr/5.4.0/avr5\libgcc.a(_clear_bss.o)
 .text.libgcc.mul
                0x00000000        0x0 c:/program files (x86)/atmel/studio/7.0/toolchain/avr8/avr8-gnu-toolchain/bin/../lib/gcc/avr/5.4.0/avr5\libgcc.a(_clear_bss.o)
 .text.libgcc.div
                0x00000000        0x0 c:/program files (x86)/atmel/studio/7.0/toolchain/avr8/avr8-gnu-toolchain/bin/../lib/gcc/avr/5.4.0/avr5\libgcc.a(_clear_bss.o)
 .text.libgcc   0x00000000        0x0 c:/program files (x86)/atmel/studio/7.0/toolchain/avr8/avr8-gnu-toolchain/bin/../lib/gcc/avr/5.4.0/avr5\libgcc.a(_clear_bss.o)
 .text.libgcc.prologue
                0x00000000        0x0 c:/program files (x86)/atmel/studio/7.0/toolchain/avr8/avr8-gnu-toolchain/bin/../lib/gcc/avr/5.4.0/avr5\libgcc.a(_clear_bss.o)
 .text.libgcc.builtins
                0x00000000        0x0 c:/program files (x86)/atmel/studio/7.0/toolchain/avr8/avr8-gnu-toolchain/bin/../lib/gcc/avr/5.4.0/avr5\libgcc.a(_clear_bss.o)
 .text.libgcc.fmul
                0x00000000        0x0 c:/program files (x86)/atmel/studio/7.0/toolchain/avr8/avr8-gnu-toolchain/bin/../lib/gcc/avr/5.4.0/avr5\libgcc.a(_clear_bss.o)
 .text.libgcc.fixed
                0x00000000        0x0 c:/program files (x86)/atmel/studio/7.0/toolchain/avr8/avr8-gnu-toolchain/bin/../lib/gcc/avr/5.4.0/avr5\libgcc.a(_clear_bss.o)
 .text          0x00000000        0x0 c:/program files (x86)/atmel/studio/7.0/toolchain/avr8/avr8-gnu-toolchain/bin/../lib/gcc/avr/5.4.0/avr5\libgcc.a(_udivmodhi4.o)
 .data          0x00000000        0x0 c:/program files (x86)/atmel/studio/7.0/toolchain/avr8/avr8-gnu-toolchain/bin/../lib/gcc/avr/5.4.0/avr5\libgcc.a(_udivmodhi4.o)
 .bss           0x00000000        0x0 c:/program files (x86)/atmel/studio/7.0/toolchain/avr8/avr8-gnu-toolchain/bin/../lib/gcc/avr/5.4.0/avr5\libgcc.a(_udivmodhi4.o)
 .text.libgcc.mul
                0x00000000        0x0 c:/program files (x86)/atmel/studio/7.0/toolchain/avr8/avr8-gnu-toolchain/bin/../lib/gcc/avr/5.4.0/avr5\libgcc.a(_udivmodhi4.o)
 .text.libgcc   0x00000000        0x0 c:/program files (x86)/atmel/studio/7.0/toolchain/avr8/avr8-gnu-toolchain/bin/../lib/gcc/avr/5.4.0/avr5\libgcc.a(_udivmodhi4.o)
 .text.libgcc.prologue
                0x00000000        0x0 c:/program files (x86)/atmel/studio/7.0/toolchain/avr8/avr8-gnu-toolchain/bin/../lib/gcc/avr/5.4.0/avr5\libgcc.a(_udivmodhi4.o)
 .text.libgcc.builtins
                0x00000000        0x0 c:/program files (x86)/atmel/studio/7.0/toolchain/avr8/avr8-gnu-toolchain/bin/../lib/gcc/avr/5.4.0/avr5\libgcc.a(_udivmodhi4.o)
 .text.libgcc.fmul
                0x00000000        0x0 c:/program files (x86)/atmel/studio/7.0/toolchain/avr8/avr8-gnu-toolchain/bin/../lib/gcc/avr/5.4.0/avr5\libgcc.a(_udivmodhi4.o)
 .text.libgcc.fixed
                0x00000000        0x0 c:/program files (x86)/atmel/studio/7.0/toolchain/avr8/avr8-gnu-toolchain/bin/../lib/gcc/avr/5.4.0/avr5\libgcc.a(_udivmodhi4.o)
 .text          0x00000000        0x0 c:/program files (x86)/atmel/studio/7.0/toolchain/avr8/avr8-gnu-toolchain/bin/../lib/gcc/avr/5.4.0/../../../../avr/lib/avr5\libc.a(memcpy.o)
 .data          0x00000000        0x0 c:/program files (x86)/atmel/studio/7.0/toolchain/avr8/avr8-gnu-toolchain/bin/../lib/gcc/avr/5.4.0/../../../../avr/lib/avr5\libc.a(memcpy.o)
 .bss           0x00000000        0x0 c:/program files (x86)/atmel/studio/7.0/toolchain/avr8/avr8-gnu-toolchain/bin/../lib/gcc/avr/5.4.0/../../../../avr/lib/avr5\libc.a(memcpy.o)
 .text          0x00000000        0x0 c:/program files (x86)/atmel/studio/7.0/toolchain/avr8/avr8-gnu-toolchain/bin/../lib/gcc/avr/5.4.0/../../../../avr/lib/avr5\libc.a(memset.o)
 .data          0x00000000        0x0 c:/program files (x86)/atmel/studio/7.0/toolchain/avr8/avr8-gnu-toolchain/bin/../lib/gcc/avr/5.4.0/../../../../avr/lib/avr5\libc.a(memset.o)
 .bss           0x00000000        0x0 c:/program files (x86)/atmel/studio/7.0/toolchain/avr8/avr8-gnu-toolchain/bin/../lib/gcc/avr/5.4.0/../../../../avr/lib/avr5\libc.a(memset.o)
 .text          0x00000000        0x0 c:/program files (x86)/atmel/studio/7.0/toolchain/avr8/avr8-gnu-toolchain/bin/../lib/gcc/avr/5.4.0/../../../../avr/lib/avr5\libc.a(strlen.o)
 .data          0x00000000        0x0 c:/program files (x86)/atmel/studio/7.0/toolchain/avr8/avr8-gnu-toolchain/bin/../lib/gcc/avr/5.4.0/../../../../avr/lib/avr5\libc.a(strlen.o)
 .bss           0x00000000        0x0 c:/program files (x86)/atmel/studio/7.0/toolchain/avr8/avr8-gnu-toolchain/bin/../lib/gcc/avr/5.4.0/../../../../avr/lib/avr5\libc.a(strlen.o)

Memory Configuration

Name             Origin             Length             Attributes
text             0x00000000         0x00020000         xr
data             0x00800060         0x0000ffa0         rw !x
eeprom           0x00810000         0x00010000         rw !x
fuse             0x00820000         0x00000003         rw !x
lock             0x00830000         0x00000400         rw !x
signature        0x00840000         0x00000400         rw !x
user_signatures  0x00850000         0x00000400         rw !x
*default*        0x00000000         0xffffffff

Linker script and memory map

Address of section .data set to 0x800100
LOAD C:/Program Files (x86)/Atmel/Studio/7.0/Packs/atmel/ATmega_DFP/1.2.209/gcc/dev/atmega324pa/avr5/crtatmega324pa.o
LOAD byteStuffing.o
LOAD game.o
LOAD joystick.o
LOAD main.o
LOAD protocol.o
LOAD serialcom.o
LOAD src/board/board.o
LOAD src/buffer/buffer.o
LOAD src/FreeRTOS/Source/croutine.o
LOAD src/FreeRTOS/Source/event_groups.o
LOAD src/FreeRTOS/Source/list.o
LOAD src/FreeRTOS/Source/portable/GCC/ATMega324/port.o
LOAD src/serial/serial.o
LOAD src/FreeRTOS/Source/portable/MemMang/heap_2.o
LOAD src/FreeRTOS/Source/queue.o
LOAD src/FreeRTOS/Source/tasks.o
LOAD src/FreeRTOS/Source/timers.o
START GROUP
LOAD c:/program files (x86)/atmel/studio/7.0/toolchain/avr8/avr8-gnu-toolchain/bin/../lib/gcc/avr/5.4.0/../../../../avr/lib/avr5\libm.a
END GROUP
START GROUP
LOAD c:/program files (x86)/atmel/studio/7.0/toolchain/avr8/avr8-gnu-toolchain/bin/../lib/gcc/avr/5.4.0/avr5\libgcc.a
LOAD c:/program files (x86)/atmel/studio/7.0/toolchain/avr8/avr8-gnu-toolchain/bin/../lib/gcc/avr/5.4.0/../../../../avr/lib/avr5\libm.a
LOAD c:/program files (x86)/atmel/studio/7.0/toolchain/avr8/avr8-gnu-toolchain/bin/../lib/gcc/avr/5.4.0/../../../../avr/lib/avr5\libc.a
LOAD C:/Program Files (x86)/Atmel/Studio/7.0/Packs/atmel/ATmega_DFP/1.2.209/gcc/dev/atmega324pa/avr5\libatmega324pa.a
END GROUP
                0x00020000                __TEXT_REGION_LENGTH__ = DEFINED (__TEXT_REGION_LENGTH__)?__TEXT_REGION_LENGTH__:0x20000
                0x0000ffa0                __DATA_REGION_LENGTH__ = DEFINED (__DATA_REGION_LENGTH__)?__DATA_REGION_LENGTH__:0xffa0
                0x00010000                __EEPROM_REGION_LENGTH__ = DEFINED (__EEPROM_REGION_LENGTH__)?__EEPROM_REGION_LENGTH__:0x10000
                [0x00000003]                __FUSE_REGION_LENGTH__ = DEFINED (__FUSE_REGION_LENGTH__)?__FUSE_REGION_LENGTH__:0x400
                0x00000400                __LOCK_REGION_LENGTH__ = DEFINED (__LOCK_REGION_LENGTH__)?__LOCK_REGION_LENGTH__:0x400
                0x00000400                __SIGNATURE_REGION_LENGTH__ = DEFINED (__SIGNATURE_REGION_LENGTH__)?__SIGNATURE_REGION_LENGTH__:0x400
                0x00000400                __USER_SIGNATURE_REGION_LENGTH__ = DEFINED (__USER_SIGNATURE_REGION_LENGTH__)?__USER_SIGNATURE_REGION_LENGTH__:0x400

.hash
 *(.hash)

.dynsym
 *(.dynsym)

.dynstr
 *(.dynstr)

.gnu.version
 *(.gnu.version)

.gnu.version_d
 *(.gnu.version_d)

.gnu.version_r
 *(.gnu.version_r)

.rel.init
 *(.rel.init)

.rela.init
 *(.rela.init)

.rel.text
 *(.rel.text)
 *(.rel.text.*)
 *(.rel.gnu.linkonce.t*)

.rela.text
 *(.rela.text)
 *(.rela.text.*)
 *(.rela.gnu.linkonce.t*)

.rel.fini
 *(.rel.fini)

.rela.fini
 *(.rela.fini)

.rel.rodata
 *(.rel.rodata)
 *(.rel.rodata.*)
 *(.rel.gnu.linkonce.r*)

.rela.rodata
 *(.rela.rodata)
 *(.rela.rodata.*)
 *(.rela.gnu.linkonce.r*)

.rel.data
 *(.rel.data)
 *(.rel.data.*)
 *(.rel.gnu.linkonce.d*)

.rela.data
 *(.rela.data)
 *(.rela.data.*)
 *(.rela.gnu.linkonce.d*)

.rel.ctors
 *(.rel.ctors)

.rela.ctors
 *(.rela.ctors)

.rel.dtors
 *(.rel.dtors)

.rela.dtors
 *(.rela.dtors)

.rel.got
 *(.rel.got)

.rela.got
 *(.rela.got)

.rel.bss
 *(.rel.bss)

.rela.bss
 *(.rela.bss)

.rel.plt
 *(.rel.plt)

.rela.plt
 *(.rela.plt)

.text           0x00000000     0x4fba
 *(.vectors)
 .vectors       0x00000000       0x7c C:/Program Files (x86)/Atmel/Studio/7.0/Packs/atmel/ATmega_DFP/1.2.209/gcc/dev/atmega324pa/avr5/crtatmega324pa.o
                0x00000000                __vector_default
                0x00000000                __vectors
 *(.vectors)
 *(.progmem.gcc*)
                0x0000007c                . = ALIGN (0x2)
                0x0000007c                __trampolines_start = .
 *(.trampolines)
 .trampolines   0x0000007c        0x0 linker stubs
 *(.trampolines*)
                0x0000007c                __trampolines_end = .
 *libprintf_flt.a:*(.progmem.data)
 *libc.a:*(.progmem.data)
 *(.progmem*)
                0x0000007c                . = ALIGN (0x2)
 *(.jumptables)
 *(.jumptables*)
 *(.lowtext)
 *(.lowtext*)
                0x0000007c                __ctors_start = .
 *(.ctors)
                0x0000007c                __ctors_end = .
                0x0000007c                __dtors_start = .
 *(.dtors)
                0x0000007c                __dtors_end = .
 SORT(*)(.ctors)
 SORT(*)(.dtors)
 *(.init0)
 .init0         0x0000007c        0x0 C:/Program Files (x86)/Atmel/Studio/7.0/Packs/atmel/ATmega_DFP/1.2.209/gcc/dev/atmega324pa/avr5/crtatmega324pa.o
                0x0000007c                __init
 *(.init0)
 *(.init1)
 *(.init1)
 *(.init2)
 .init2         0x0000007c        0xc C:/Program Files (x86)/Atmel/Studio/7.0/Packs/atmel/ATmega_DFP/1.2.209/gcc/dev/atmega324pa/avr5/crtatmega324pa.o
 *(.init2)
 *(.init3)
 *(.init3)
 *(.init4)
 .init4         0x00000088       0x16 c:/program files (x86)/atmel/studio/7.0/toolchain/avr8/avr8-gnu-toolchain/bin/../lib/gcc/avr/5.4.0/avr5\libgcc.a(_copy_data.o)
                0x00000088                __do_copy_data
 .init4         0x0000009e       0x10 c:/program files (x86)/atmel/studio/7.0/toolchain/avr8/avr8-gnu-toolchain/bin/../lib/gcc/avr/5.4.0/avr5\libgcc.a(_clear_bss.o)
                0x0000009e                __do_clear_bss
 *(.init4)
 *(.init5)
 *(.init5)
 *(.init6)
 *(.init6)
 *(.init7)
 *(.init7)
 *(.init8)
 *(.init8)
 *(.init9)
 .init9         0x000000ae        0x8 C:/Program Files (x86)/Atmel/Studio/7.0/Packs/atmel/ATmega_DFP/1.2.209/gcc/dev/atmega324pa/avr5/crtatmega324pa.o
 *(.init9)
 *(.text)
 .text          0x000000b6        0x4 C:/Program Files (x86)/Atmel/Studio/7.0/Packs/atmel/ATmega_DFP/1.2.209/gcc/dev/atmega324pa/avr5/crtatmega324pa.o
                0x000000b6                __vector_22
                0x000000b6                __vector_1
                0x000000b6                __vector_24
                0x000000b6                __vector_12
                0x000000b6                __bad_interrupt
                0x000000b6                __vector_6
                0x000000b6                __vector_3
                0x000000b6                __vector_23
                0x000000b6                __vector_30
                0x000000b6                __vector_25
                0x000000b6                __vector_11
                0x000000b6                __vector_17
                0x000000b6                __vector_19
                0x000000b6                __vector_7
                0x000000b6                __vector_27
                0x000000b6                __vector_5
                0x000000b6                __vector_4
                0x000000b6                __vector_9
                0x000000b6                __vector_2
                0x000000b6                __vector_15
                0x000000b6                __vector_8
                0x000000b6                __vector_26
                0x000000b6                __vector_14
                0x000000b6                __vector_10
                0x000000b6                __vector_18
                0x000000ba                . = ALIGN (0x2)
 *(.text.*)
 .text.byte_stuff
                0x000000ba      0x160 byteStuffing.o
                0x000000ba                byte_stuff
 .text.byte_unstuff
                0x0000021a      0x100 byteStuffing.o
                0x0000021a                byte_unstuff
 .text.bat_move
                0x0000031a      0x1f4 game.o
                0x0000031a                bat_move
 .text.restart_game
                0x0000050e       0x46 game.o
                0x0000050e                restart_game
 .text.end_game
                0x00000554       0x14 game.o
                0x00000554                end_game
 .text.xy_to_pixel_id
                0x00000568       0x2a game.o
                0x00000568                xy_to_pixel_id
 .text.com_send_string
                0x00000592       0x30 game.o
                0x00000592                com_send_string
 .text.game_renderer_task
                0x000005c2      0x462 game.o
                0x000005c2                game_renderer_task
 .text.move_ball
                0x00000a24       0xf0 game.o
                0x00000a24                move_ball
 .text.bat_new_instance
                0x00000b14       0x3a game.o
                0x00000b14                bat_new_instance
 .text.init_game
                0x00000b4e       0xce game.o
                0x00000b4e                init_game
 .text.clear_screen
                0x00000c1c       0x46 game.o
                0x00000c1c                clear_screen
 .text.y_offset
                0x00000c62       0x26 game.o
                0x00000c62                y_offset
 .text.x_offset
                0x00000c88       0x3e game.o
                0x00000c88                x_offset
 .text.draw_game
                0x00000cc6      0x17e game.o
                0x00000cc6                draw_game
 .text.draw_scores
                0x00000e44      0x354 game.o
                0x00000e44                draw_scores
 .text.read_joystick
                0x00001198       0x32 joystick.o
                0x00001198                read_joystick
 .text.joystick_task
                0x000011ca       0x6a joystick.o
                0x000011ca                joystick_task
 .text.vApplicationIdleHook
                0x00001234       0x10 main.o
                0x00001234                vApplicationIdleHook
 .text.prepare_shiftregister
                0x00001244       0x22 main.o
                0x00001244                prepare_shiftregister
 .text.clock_shift_register_and_prepare_for_next_col
                0x00001266       0x6a main.o
                0x00001266                clock_shift_register_and_prepare_for_next_col
 .text.load_col_value
                0x000012d0       0x56 main.o
                0x000012d0                load_col_value
 .text.handle_display
                0x00001326       0x50 main.o
                0x00001326                handle_display
 .text.vApplicationStackOverflowHook
                0x00001376       0x24 main.o
                0x00001376                vApplicationStackOverflowHook
 .text.vApplicationMallocFailedHook
                0x0000139a       0x10 main.o
                0x0000139a                vApplicationMallocFailedHook
 .text.main     0x000013aa       0x8e main.o
                0x000013aa                main
 .text.compute_crc8
                0x00001438       0x88 protocol.o
                0x00001438                compute_crc8
 .text.unpack_data_frame
                0x000014c0       0xbc protocol.o
                0x000014c0                unpack_data_frame
 .text.get_data_frame
                0x0000157c      0x152 protocol.o
                0x0000157c                get_data_frame
 .text.get_acknowledge_frame
                0x000016ce       0xb4 protocol.o
                0x000016ce                get_acknowledge_frame
 .text.is_start_of_frame
                0x00001782       0x1e protocol.o
                0x00001782                is_start_of_frame
 .text.is_CRC_valid
                0x000017a0       0x32 protocol.o
                0x000017a0                is_CRC_valid
 .text.get_frame_size
                0x000017d2       0x54 protocol.o
                0x000017d2                get_frame_size
 .text.is_ack_frame
                0x00001826       0x4c protocol.o
                0x00001826                is_ack_frame
 .text.get_frame_from_queue
                0x00001872      0x12a protocol.o
                0x00001872                get_frame_from_queue
 .text.serial_com_task
                0x0000199c      0x212 serialcom.o
                0x0000199c                serial_com_task
 .text.send_current_frame
                0x00001bae       0x6a serialcom.o
                0x00001bae                send_current_frame
 .text.count_illegal_chars
                0x00001c18       0x62 serialcom.o
                0x00001c18                count_illegal_chars
 .text.send_bytes
                0x00001c7a      0x10e serialcom.o
                0x00001c7a                send_bytes
 .text.handle_serial_input
                0x00001d88       0x50 serialcom.o
                0x00001d88                handle_serial_input
 .text._com_call_back
                0x00001dd8       0x54 src/board/board.o
 .text.init_com
                0x00001e2c       0x26 src/board/board.o
                0x00001e2c                init_com
 .text.init_display_timer
                0x00001e52       0x66 src/board/board.o
                0x00001e52                init_display_timer
 .text.__vector_16
                0x00001eb8       0x6e src/board/board.o
                0x00001eb8                __vector_16
 .text.com_send_byte
                0x00001f26       0x22 src/board/board.o
                0x00001f26                com_send_byte
 .text.init_board
                0x00001f48      0x122 src/board/board.o
                0x00001f48                init_board
 .text.switch_in
                0x0000206a       0x4a src/board/board.o
                0x0000206a                switch_in
 .text.switch_out
                0x000020b4       0x28 src/board/board.o
                0x000020b4                switch_out
 .text.buffer_init
                0x000020dc       0x32 src/buffer/buffer.o
                0x000020dc                buffer_init
 .text.buffer_get_item
                0x0000210e       0x90 src/buffer/buffer.o
                0x0000210e                buffer_get_item
 .text.buffer_put_item
                0x0000219e       0x86 src/buffer/buffer.o
                0x0000219e                buffer_put_item
 .text.vListInitialise
                0x00002224       0x6c src/FreeRTOS/Source/list.o
                0x00002224                vListInitialise
 .text.vListInitialiseItem
                0x00002290       0x24 src/FreeRTOS/Source/list.o
                0x00002290                vListInitialiseItem
 .text.vListInsertEnd
                0x000022b4       0x9e src/FreeRTOS/Source/list.o
                0x000022b4                vListInsertEnd
 .text.vListInsert
                0x00002352       0xf0 src/FreeRTOS/Source/list.o
                0x00002352                vListInsert
 .text.uxListRemove
                0x00002442       0xae src/FreeRTOS/Source/list.o
                0x00002442                uxListRemove
 .text.pxPortInitialiseStack
                0x000024f0      0x352 src/FreeRTOS/Source/portable/GCC/ATMega324/port.o
                0x000024f0                pxPortInitialiseStack
 .text.xPortStartScheduler
                0x00002842       0x6a src/FreeRTOS/Source/portable/GCC/ATMega324/port.o
                0x00002842                xPortStartScheduler
 .text.vPortYield
                0x000028ac       0xb4 src/FreeRTOS/Source/portable/GCC/ATMega324/port.o
                0x000028ac                vPortYield
 .text.vPortYieldFromTick
                0x00002960       0xbc src/FreeRTOS/Source/portable/GCC/ATMega324/port.o
                0x00002960                vPortYieldFromTick
 .text.prvSetupTimerInterrupt
                0x00002a1c       0xc4 src/FreeRTOS/Source/portable/GCC/ATMega324/port.o
 .text.__vector_13
                0x00002ae0        0x8 src/FreeRTOS/Source/portable/GCC/ATMega324/port.o
                0x00002ae0                __vector_13
 .text._serial_tx_int_on
                0x00002ae8       0x32 src/serial/serial.o
 .text.serial_new_instance
                0x00002b1a      0x182 src/serial/serial.o
                0x00002b1a                serial_new_instance
 .text.serial_send_byte
                0x00002c9c       0x54 src/serial/serial.o
                0x00002c9c                serial_send_byte
 .text.__vector_20
                0x00002cf0       0xb2 src/serial/serial.o
                0x00002cf0                __vector_20
 .text.__vector_21
                0x00002da2       0xb6 src/serial/serial.o
                0x00002da2                __vector_21
 .text.__vector_28
                0x00002e58       0xb2 src/serial/serial.o
                0x00002e58                __vector_28
 .text.__vector_29
                0x00002f0a       0xb6 src/serial/serial.o
                0x00002f0a                __vector_29
 .text.pvPortMalloc
                0x00002fc0      0x1ea src/FreeRTOS/Source/portable/MemMang/heap_2.o
                0x00002fc0                pvPortMalloc
 .text.vPortFree
                0x000031aa       0xe4 src/FreeRTOS/Source/portable/MemMang/heap_2.o
                0x000031aa                vPortFree
 .text.prvHeapInit
                0x0000328e       0x70 src/FreeRTOS/Source/portable/MemMang/heap_2.o
 .text.xQueueGenericReset
                0x000032fe      0x128 src/FreeRTOS/Source/queue.o
                0x000032fe                xQueueGenericReset
 .text.xQueueGenericCreate
                0x00003426       0x98 src/FreeRTOS/Source/queue.o
                0x00003426                xQueueGenericCreate
 .text.prvInitialiseNewQueue
                0x000034be       0x8a src/FreeRTOS/Source/queue.o
 .text.xQueueGenericSend
                0x00003548      0x162 src/FreeRTOS/Source/queue.o
                0x00003548                xQueueGenericSend
 .text.xQueueGenericSendFromISR
                0x000036aa       0xbe src/FreeRTOS/Source/queue.o
                0x000036aa                xQueueGenericSendFromISR
 .text.xQueueGenericReceive
                0x00003768      0x1ec src/FreeRTOS/Source/queue.o
                0x00003768                xQueueGenericReceive
 .text.uxQueueSpacesAvailable
                0x00003954       0x4e src/FreeRTOS/Source/queue.o
                0x00003954                uxQueueSpacesAvailable
 .text.prvCopyDataToQueue
                0x000039a2      0x1a0 src/FreeRTOS/Source/queue.o
 .text.prvCopyDataFromQueue
                0x00003b42       0xa2 src/FreeRTOS/Source/queue.o
 .text.prvUnlockQueue
                0x00003be4       0xbc src/FreeRTOS/Source/queue.o
 .text.prvIsQueueEmpty
                0x00003ca0       0x3c src/FreeRTOS/Source/queue.o
 .text.prvIsQueueFull
                0x00003cdc       0x44 src/FreeRTOS/Source/queue.o
 .text.xTaskCreate
                0x00003d20       0xfa src/FreeRTOS/Source/tasks.o
                0x00003d20                xTaskCreate
 .text.prvInitialiseNewTask
                0x00003e1a      0x1b8 src/FreeRTOS/Source/tasks.o
 .text.prvAddNewTaskToReadyList
                0x00003fd2      0x108 src/FreeRTOS/Source/tasks.o
 .text.vTaskDelayUntil
                0x000040da       0xf4 src/FreeRTOS/Source/tasks.o
                0x000040da                vTaskDelayUntil
 .text.vTaskDelay
                0x000041ce       0x46 src/FreeRTOS/Source/tasks.o
                0x000041ce                vTaskDelay
 .text.vTaskStartScheduler
                0x00004214       0x6a src/FreeRTOS/Source/tasks.o
                0x00004214                vTaskStartScheduler
 .text.vTaskSuspendAll
                0x0000427e       0x1a src/FreeRTOS/Source/tasks.o
                0x0000427e                vTaskSuspendAll
 .text.xTaskResumeAll
                0x00004298      0x12e src/FreeRTOS/Source/tasks.o
                0x00004298                xTaskResumeAll
 .text.xTaskGetTickCount
                0x000043c6       0x2e src/FreeRTOS/Source/tasks.o
                0x000043c6                xTaskGetTickCount
 .text.xTaskIncrementTick
                0x000043f4      0x1da src/FreeRTOS/Source/tasks.o
                0x000043f4                xTaskIncrementTick
 .text.vTaskSwitchContext
                0x000045ce      0x14a src/FreeRTOS/Source/tasks.o
                0x000045ce                vTaskSwitchContext
 .text.vTaskPlaceOnEventList
                0x00004718       0x46 src/FreeRTOS/Source/tasks.o
                0x00004718                vTaskPlaceOnEventList
 .text.xTaskRemoveFromEventList
                0x0000475e       0xda src/FreeRTOS/Source/tasks.o
                0x0000475e                xTaskRemoveFromEventList
 .text.vTaskSetTimeOutState
                0x00004838       0x38 src/FreeRTOS/Source/tasks.o
                0x00004838                vTaskSetTimeOutState
 .text.xTaskCheckForTimeOut
                0x00004870       0xd0 src/FreeRTOS/Source/tasks.o
                0x00004870                xTaskCheckForTimeOut
 .text.vTaskMissedYield
                0x00004940       0x16 src/FreeRTOS/Source/tasks.o
                0x00004940                vTaskMissedYield
 .text.prvIdleTask
                0x00004956       0x24 src/FreeRTOS/Source/tasks.o
 .text.prvInitialiseTaskLists
                0x0000497a       0x7c src/FreeRTOS/Source/tasks.o
 .text.prvCheckTasksWaitingTermination
                0x000049f6       0x82 src/FreeRTOS/Source/tasks.o
 .text.prvTaskCheckFreeStackSpace
                0x00004a78       0x5e src/FreeRTOS/Source/tasks.o
 .text.uxTaskGetStackHighWaterMark
                0x00004ad6       0x5e src/FreeRTOS/Source/tasks.o
                0x00004ad6                uxTaskGetStackHighWaterMark
 .text.prvDeleteTCB
                0x00004b34       0x30 src/FreeRTOS/Source/tasks.o
 .text.prvResetNextTaskUnblockTime
                0x00004b64       0x5e src/FreeRTOS/Source/tasks.o
 .text.vTaskPriorityInherit
                0x00004bc2      0x130 src/FreeRTOS/Source/tasks.o
                0x00004bc2                vTaskPriorityInherit
 .text.xTaskPriorityDisinherit
                0x00004cf2       0xfa src/FreeRTOS/Source/tasks.o
                0x00004cf2                xTaskPriorityDisinherit
 .text.pvTaskIncrementMutexHeldCount
                0x00004dec       0x34 src/FreeRTOS/Source/tasks.o
                0x00004dec                pvTaskIncrementMutexHeldCount
 .text.prvAddCurrentTaskToDelayedList
                0x00004e20       0xd0 src/FreeRTOS/Source/tasks.o
 .text.libgcc.div
                0x00004ef0       0x28 c:/program files (x86)/atmel/studio/7.0/toolchain/avr8/avr8-gnu-toolchain/bin/../lib/gcc/avr/5.4.0/avr5\libgcc.a(_divmodhi4.o)
                0x00004ef0                _div
                0x00004ef0                __divmodhi4
 .text.libgcc.div
                0x00004f18       0x44 c:/program files (x86)/atmel/studio/7.0/toolchain/avr8/avr8-gnu-toolchain/bin/../lib/gcc/avr/5.4.0/avr5\libgcc.a(_udivmodsi4.o)
                0x00004f18                __udivmodsi4
 .text.libgcc.div
                0x00004f5c       0x28 c:/program files (x86)/atmel/studio/7.0/toolchain/avr8/avr8-gnu-toolchain/bin/../lib/gcc/avr/5.4.0/avr5\libgcc.a(_udivmodhi4.o)
                0x00004f5c                __udivmodhi4
 .text.avr-libc
                0x00004f84       0x12 c:/program files (x86)/atmel/studio/7.0/toolchain/avr8/avr8-gnu-toolchain/bin/../lib/gcc/avr/5.4.0/../../../../avr/lib/avr5\libc.a(memcpy.o)
                0x00004f84                memcpy
 .text.avr-libc
                0x00004f96        0xe c:/program files (x86)/atmel/studio/7.0/toolchain/avr8/avr8-gnu-toolchain/bin/../lib/gcc/avr/5.4.0/../../../../avr/lib/avr5\libc.a(memset.o)
                0x00004f96                memset
 .text.avr-libc
                0x00004fa4       0x12 c:/program files (x86)/atmel/studio/7.0/toolchain/avr8/avr8-gnu-toolchain/bin/../lib/gcc/avr/5.4.0/../../../../avr/lib/avr5\libc.a(strlen.o)
                0x00004fa4                strlen
                0x00004fb6                . = ALIGN (0x2)
 *(.fini9)
 .fini9         0x00004fb6        0x0 c:/program files (x86)/atmel/studio/7.0/toolchain/avr8/avr8-gnu-toolchain/bin/../lib/gcc/avr/5.4.0/avr5\libgcc.a(_exit.o)
                0x00004fb6                _exit
                0x00004fb6                exit
 *(.fini9)
 *(.fini8)
 *(.fini8)
 *(.fini7)
 *(.fini7)
 *(.fini6)
 *(.fini6)
 *(.fini5)
 *(.fini5)
 *(.fini4)
 *(.fini4)
 *(.fini3)
 *(.fini3)
 *(.fini2)
 *(.fini2)
 *(.fini1)
 *(.fini1)
 *(.fini0)
 .fini0         0x00004fb6        0x4 c:/program files (x86)/atmel/studio/7.0/toolchain/avr8/avr8-gnu-toolchain/bin/../lib/gcc/avr/5.4.0/avr5\libgcc.a(_exit.o)
 *(.fini0)
                0x00004fba                _etext = .

.data           0x00800100       0x76 load address 0x00004fba
                0x00800100                PROVIDE (__data_start, .)
 *(.data)
 *(.data*)
 .data.ball_location
                0x00800100        0x1 game.o
 .data.dir      0x00800101        0x2 game.o
                0x00800101                dir
 .data.frame_buf
                0x00800103       0x1c main.o
                0x00800103                frame_buf
 .data.RTS      0x0080011f        0x1 serialcom.o
 .data._com_port_2_udr
                0x00800120        0x4 src/serial/serial.o
                0x00800120                _com_port_2_udr
 .data.xFreeBytesRemaining
                0x00800124        0x2 src/FreeRTOS/Source/portable/MemMang/heap_2.o
 *(.gnu.linkonce.d*)
 *(.rodata)
 .rodata        0x00800126       0x2d game.o
 .rodata        0x00800153       0x1e main.o
 .rodata        0x00800171        0x5 src/FreeRTOS/Source/tasks.o
 *(.rodata*)
 *(.gnu.linkonce.r*)
                0x00800176                . = ALIGN (0x2)
                0x00800176                _edata = .
                0x00800176                PROVIDE (__data_end, .)

.bss            0x00800176      0x6ad
                0x00800176                PROVIDE (__bss_start, .)
 *(.bss)
 *(.bss*)
 .bss.bats      0x00800176        0x4 game.o
 .bss.run_game  0x0080017a        0x1 game.o
 .bss.scoreone  0x0080017b        0x2 game.o
                0x0080017b                scoreone
 .bss.scoretwo  0x0080017d        0x2 game.o
                0x0080017d                scoretwo
 .bss.z         0x0080017f        0x2 game.o
                0x0080017f                z
 .bss.up        0x00800181        0x2 game.o
                0x00800181                up
 .bss.timer     0x00800183        0x2 game.o
                0x00800183                timer
 .bss.score     0x00800185        0x1 game.o
                0x00800185                score
 .bss.col.2142  0x00800186        0x1 main.o
 .bss._x_com_received_chars_queue
                0x00800187        0x2 serialcom.o
 .bss.com_send_frame_buffer
                0x00800189        0x2 serialcom.o
 .bss.com_send_queue_add_sem
                0x0080018b        0x2 serialcom.o
 .bss.last_sent_frame
                0x0080018d       0x64 serialcom.o
 .bss.last_sent_frame_size
                0x008001f1        0x1 serialcom.o
 .bss.last_frame_time
                0x008001f2        0x2 serialcom.o
 .bss.ack_timeouts
                0x008001f4        0x1 serialcom.o
 .bss._com_serial_instance
                0x008001f5        0x2 src/board/board.o
 .bss._x_rx_com_queue
                0x008001f7        0x2 src/board/board.o
 .bss.cb_ptr    0x008001f9        0x2 src/board/board.o
 .bss._com_rx_buffer.2133
                0x008001fb       0x23 src/board/board.o
 .bss._com_tx_buffer.2134
                0x0080021e       0x23 src/board/board.o
 .bss._ser_handle
                0x00800241        0x4 src/serial/serial.o
 .bss.ucHeap    0x00800245      0x578 src/FreeRTOS/Source/portable/MemMang/heap_2.o
 .bss.xStart    0x008007bd        0x4 src/FreeRTOS/Source/portable/MemMang/heap_2.o
 .bss.xEnd      0x008007c1        0x4 src/FreeRTOS/Source/portable/MemMang/heap_2.o
 .bss.xHeapHasBeenInitialised.2095
                0x008007c5        0x1 src/FreeRTOS/Source/portable/MemMang/heap_2.o
 .bss.pxCurrentTCB
                0x008007c6        0x2 src/FreeRTOS/Source/tasks.o
                0x008007c6                pxCurrentTCB
 .bss.pxReadyTasksLists
                0x008007c8       0x24 src/FreeRTOS/Source/tasks.o
 .bss.xDelayedTaskList1
                0x008007ec        0x9 src/FreeRTOS/Source/tasks.o
 .bss.xDelayedTaskList2
                0x008007f5        0x9 src/FreeRTOS/Source/tasks.o
 .bss.pxDelayedTaskList
                0x008007fe        0x2 src/FreeRTOS/Source/tasks.o
 .bss.pxOverflowDelayedTaskList
                0x00800800        0x2 src/FreeRTOS/Source/tasks.o
 .bss.xPendingReadyList
                0x00800802        0x9 src/FreeRTOS/Source/tasks.o
 .bss.xTasksWaitingTermination
                0x0080080b        0x9 src/FreeRTOS/Source/tasks.o
 .bss.uxDeletedTasksWaitingCleanUp
                0x00800814        0x1 src/FreeRTOS/Source/tasks.o
 .bss.uxCurrentNumberOfTasks
                0x00800815        0x1 src/FreeRTOS/Source/tasks.o
 .bss.xTickCount
                0x00800816        0x2 src/FreeRTOS/Source/tasks.o
 .bss.uxTopReadyPriority
                0x00800818        0x1 src/FreeRTOS/Source/tasks.o
 .bss.xSchedulerRunning
                0x00800819        0x1 src/FreeRTOS/Source/tasks.o
 .bss.uxPendedTicks
                0x0080081a        0x1 src/FreeRTOS/Source/tasks.o
 .bss.xYieldPending
                0x0080081b        0x1 src/FreeRTOS/Source/tasks.o
 .bss.xNumOfOverflows
                0x0080081c        0x1 src/FreeRTOS/Source/tasks.o
 .bss.uxTaskNumber
                0x0080081d        0x1 src/FreeRTOS/Source/tasks.o
 .bss.xNextTaskUnblockTime
                0x0080081e        0x2 src/FreeRTOS/Source/tasks.o
 .bss.xIdleTaskHandle
                0x00800820        0x2 src/FreeRTOS/Source/tasks.o
 .bss.uxSchedulerSuspended
                0x00800822        0x1 src/FreeRTOS/Source/tasks.o
 *(COMMON)
                0x00800823                PROVIDE (__bss_end, .)
                0x00004fba                __data_load_start = LOADADDR (.data)
                0x00005030                __data_load_end = (__data_load_start + SIZEOF (.data))

.noinit         0x00800823        0x0
                [!provide]                PROVIDE (__noinit_start, .)
 *(.noinit*)
                [!provide]                PROVIDE (__noinit_end, .)
                0x00800823                _end = .
                [!provide]                PROVIDE (__heap_start, .)

.eeprom         0x00810000        0x0
 *(.eeprom*)
                0x00810000                __eeprom_end = .

.fuse
 *(.fuse)
 *(.lfuse)
 *(.hfuse)
 *(.efuse)

.lock
 *(.lock*)

.signature
 *(.signature*)

.user_signatures
 *(.user_signatures*)

.stab
 *(.stab)

.stabstr
 *(.stabstr)

.stab.excl
 *(.stab.excl)

.stab.exclstr
 *(.stab.exclstr)

.stab.index
 *(.stab.index)

.stab.indexstr
 *(.stab.indexstr)

.comment        0x00000000       0x30
 *(.comment)
 .comment       0x00000000       0x30 byteStuffing.o
                                 0x31 (size before relaxing)
 .comment       0x00000030       0x31 game.o
 .comment       0x00000030       0x31 joystick.o
 .comment       0x00000030       0x31 main.o
 .comment       0x00000030       0x31 protocol.o
 .comment       0x00000030       0x31 serialcom.o
 .comment       0x00000030       0x31 src/board/board.o
 .comment       0x00000030       0x31 src/buffer/buffer.o
 .comment       0x00000030       0x31 src/FreeRTOS/Source/list.o
 .comment       0x00000030       0x31 src/FreeRTOS/Source/portable/GCC/ATMega324/port.o
 .comment       0x00000030       0x31 src/serial/serial.o
 .comment       0x00000030       0x31 src/FreeRTOS/Source/portable/MemMang/heap_2.o
 .comment       0x00000030       0x31 src/FreeRTOS/Source/queue.o
 .comment       0x00000030       0x31 src/FreeRTOS/Source/tasks.o

.note.gnu.avr.deviceinfo
                0x00000000       0x40
 .note.gnu.avr.deviceinfo
                0x00000000       0x40 C:/Program Files (x86)/Atmel/Studio/7.0/Packs/atmel/ATmega_DFP/1.2.209/gcc/dev/atmega324pa/avr5/crtatmega324pa.o

.note.gnu.build-id
 *(.note.gnu.build-id)

.debug
 *(.debug)

.line
 *(.line)

.debug_srcinfo
 *(.debug_srcinfo)

.debug_sfnames
 *(.debug_sfnames)

.debug_aranges  0x00000000      0x660
 *(.debug_aranges)
 .debug_aranges
                0x00000000       0x28 byteStuffing.o
 .debug_aranges
                0x00000028       0x98 game.o
 .debug_aranges
                0x000000c0       0x28 joystick.o
 .debug_aranges
                0x000000e8       0x58 main.o
 .debug_aranges
                0x00000140       0x60 protocol.o
 .debug_aranges
                0x000001a0       0x40 serialcom.o
 .debug_aranges
                0x000001e0       0x60 src/board/board.o
 .debug_aranges
                0x00000240       0x48 src/buffer/buffer.o
 .debug_aranges
                0x00000288       0x40 src/FreeRTOS/Source/list.o
 .debug_aranges
                0x000002c8       0x50 src/FreeRTOS/Source/portable/GCC/ATMega324/port.o
 .debug_aranges
                0x00000318       0x58 src/serial/serial.o
 .debug_aranges
                0x00000370       0x40 src/FreeRTOS/Source/portable/MemMang/heap_2.o
 .debug_aranges
                0x000003b0      0x100 src/FreeRTOS/Source/queue.o
 .debug_aranges
                0x000004b0      0x1b0 src/FreeRTOS/Source/tasks.o

.debug_pubnames
 *(.debug_pubnames)

.debug_info     0x00000000     0x5101
 *(.debug_info .gnu.linkonce.wi.*)
 .debug_info    0x00000000      0x6cc C:/Program Files (x86)/Atmel/Studio/7.0/Packs/atmel/ATmega_DFP/1.2.209/gcc/dev/atmega324pa/avr5/crtatmega324pa.o
 .debug_info    0x000006cc      0x17c byteStuffing.o
 .debug_info    0x00000848      0x724 game.o
 .debug_info    0x00000f6c      0x136 joystick.o
 .debug_info    0x000010a2      0x1f9 main.o
 .debug_info    0x0000129b      0x402 protocol.o
 .debug_info    0x0000169d      0x47d serialcom.o
 .debug_info    0x00001b1a      0x390 src/board/board.o
 .debug_info    0x00001eaa      0x1fe src/buffer/buffer.o
 .debug_info    0x000020a8      0x2b0 src/FreeRTOS/Source/list.o
 .debug_info    0x00002358      0x1ed src/FreeRTOS/Source/portable/GCC/ATMega324/port.o
 .debug_info    0x00002545      0x484 src/serial/serial.o
 .debug_info    0x000029c9      0x2da src/FreeRTOS/Source/portable/MemMang/heap_2.o
 .debug_info    0x00002ca3      0xdd1 src/FreeRTOS/Source/queue.o
 .debug_info    0x00003a74     0x168d src/FreeRTOS/Source/tasks.o

.debug_abbrev   0x00000000     0x1857
 *(.debug_abbrev)
 .debug_abbrev  0x00000000      0x66e C:/Program Files (x86)/Atmel/Studio/7.0/Packs/atmel/ATmega_DFP/1.2.209/gcc/dev/atmega324pa/avr5/crtatmega324pa.o
 .debug_abbrev  0x0000066e       0x9d byteStuffing.o
 .debug_abbrev  0x0000070b      0x24f game.o
 .debug_abbrev  0x0000095a       0xd8 joystick.o
 .debug_abbrev  0x00000a32      0x108 main.o
 .debug_abbrev  0x00000b3a      0x106 protocol.o
 .debug_abbrev  0x00000c40      0x157 serialcom.o
 .debug_abbrev  0x00000d97      0x157 src/board/board.o
 .debug_abbrev  0x00000eee       0xcf src/buffer/buffer.o
 .debug_abbrev  0x00000fbd       0xc0 src/FreeRTOS/Source/list.o
 .debug_abbrev  0x0000107d      0x104 src/FreeRTOS/Source/portable/GCC/ATMega324/port.o
 .debug_abbrev  0x00001181      0x15d src/serial/serial.o
 .debug_abbrev  0x000012de      0x170 src/FreeRTOS/Source/portable/MemMang/heap_2.o
 .debug_abbrev  0x0000144e      0x1a7 src/FreeRTOS/Source/queue.o
 .debug_abbrev  0x000015f5      0x262 src/FreeRTOS/Source/tasks.o

.debug_line     0x00000000     0x4784
 *(.debug_line .debug_line.* .debug_line_end)
 .debug_line    0x00000000      0x151 C:/Program Files (x86)/Atmel/Studio/7.0/Packs/atmel/ATmega_DFP/1.2.209/gcc/dev/atmega324pa/avr5/crtatmega324pa.o
 .debug_line    0x00000151      0x1a7 byteStuffing.o
 .debug_line    0x000002f8      0x7f6 game.o
 .debug_line    0x00000aee      0x136 joystick.o
 .debug_line    0x00000c24      0x23e main.o
 .debug_line    0x00000e62      0x3f6 protocol.o
 .debug_line    0x00001258      0x3b1 serialcom.o
 .debug_line    0x00001609      0x2cb src/board/board.o
 .debug_line    0x000018d4      0x1a3 src/buffer/buffer.o
 .debug_line    0x00001a77      0x246 src/FreeRTOS/Source/list.o
 .debug_line    0x00001cbd      0x41f src/FreeRTOS/Source/portable/GCC/ATMega324/port.o
 .debug_line    0x000020dc      0x2de src/serial/serial.o
 .debug_line    0x000023ba      0x338 src/FreeRTOS/Source/portable/MemMang/heap_2.o
 .debug_line    0x000026f2      0xc29 src/FreeRTOS/Source/queue.o
 .debug_line    0x0000331b     0x1469 src/FreeRTOS/Source/tasks.o

.debug_frame    0x00000000     0x17e4
 *(.debug_frame)
 .debug_frame   0x00000000       0x54 byteStuffing.o
 .debug_frame   0x00000054      0x244 game.o
 .debug_frame   0x00000298       0x54 joystick.o
 .debug_frame   0x000002ec      0x124 main.o
 .debug_frame   0x00000410      0x134 protocol.o
 .debug_frame   0x00000544       0xb4 serialcom.o
 .debug_frame   0x000005f8      0x1a0 src/board/board.o
 .debug_frame   0x00000798       0xd4 src/buffer/buffer.o
 .debug_frame   0x0000086c       0xb4 src/FreeRTOS/Source/list.o
 .debug_frame   0x00000920       0xc4 src/FreeRTOS/Source/portable/GCC/ATMega324/port.o
 .debug_frame   0x000009e4      0x264 src/serial/serial.o
 .debug_frame   0x00000c48       0xb4 src/FreeRTOS/Source/portable/MemMang/heap_2.o
 .debug_frame   0x00000cfc      0x3cc src/FreeRTOS/Source/queue.o
 .debug_frame   0x000010c8      0x71c src/FreeRTOS/Source/tasks.o

.debug_str      0x00000000     0x2175
 *(.debug_str)
 .debug_str     0x00000000      0x255 C:/Program Files (x86)/Atmel/Studio/7.0/Packs/atmel/ATmega_DFP/1.2.209/gcc/dev/atmega324pa/avr5/crtatmega324pa.o
 .debug_str     0x00000255      0x241 byteStuffing.o
                                0x275 (size before relaxing)
 .debug_str     0x00000496      0x22d game.o
                                0x375 (size before relaxing)
 .debug_str     0x000006c3       0x65 joystick.o
                                0x20b (size before relaxing)
 .debug_str     0x00000728       0xdb main.o
                                0x285 (size before relaxing)
 .debug_str     0x00000803      0x156 protocol.o
                                0x345 (size before relaxing)
 .debug_str     0x00000959      0x141 serialcom.o
                                0x3b0 (size before relaxing)
 .debug_str     0x00000a9a      0x228 src/board/board.o
                                0x3e3 (size before relaxing)
 .debug_str     0x00000cc2       0x73 src/buffer/buffer.o
                                0x236 (size before relaxing)
 .debug_str     0x00000d35      0x13b src/FreeRTOS/Source/list.o
                                0x2d7 (size before relaxing)
 .debug_str     0x00000e70      0x118 src/FreeRTOS/Source/portable/GCC/ATMega324/port.o
                                0x2c2 (size before relaxing)
 .debug_str     0x00000f88      0x152 src/serial/serial.o
                                0x40f (size before relaxing)
 .debug_str     0x000010da      0x15f src/FreeRTOS/Source/portable/MemMang/heap_2.o
                                0x326 (size before relaxing)
 .debug_str     0x00001239      0x49a src/FreeRTOS/Source/queue.o
                                0x722 (size before relaxing)
 .debug_str     0x000016d3      0xaa2 src/FreeRTOS/Source/tasks.o
                                0xe49 (size before relaxing)

.debug_loc      0x00000000     0x3261
 *(.debug_loc)
 .debug_loc     0x00000000       0x8e byteStuffing.o
 .debug_loc     0x0000008e      0x4cb game.o
 .debug_loc     0x00000559       0x83 joystick.o
 .debug_loc     0x000005dc      0x226 main.o
 .debug_loc     0x00000802      0x284 protocol.o
 .debug_loc     0x00000a86      0x167 serialcom.o
 .debug_loc     0x00000bed      0x38c src/board/board.o
 .debug_loc     0x00000f79      0x1b0 src/buffer/buffer.o
 .debug_loc     0x00001129      0x167 src/FreeRTOS/Source/list.o
 .debug_loc     0x00001290      0x105 src/FreeRTOS/Source/portable/GCC/ATMega324/port.o
 .debug_loc     0x00001395      0x58c src/serial/serial.o
 .debug_loc     0x00001921      0x14c src/FreeRTOS/Source/portable/MemMang/heap_2.o
 .debug_loc     0x00001a6d      0x84f src/FreeRTOS/Source/queue.o
 .debug_loc     0x000022bc      0xfa5 src/FreeRTOS/Source/tasks.o

.debug_macinfo
 *(.debug_macinfo)

.debug_weaknames
 *(.debug_weaknames)

.debug_funcnames
 *(.debug_funcnames)

.debug_typenames
 *(.debug_typenames)

.debug_varnames
 *(.debug_varnames)

.debug_pubtypes
 *(.debug_pubtypes)

.debug_ranges   0x00000000      0x580
 *(.debug_ranges)
 .debug_ranges  0x00000000       0x18 byteStuffing.o
 .debug_ranges  0x00000018       0x88 game.o
 .debug_ranges  0x000000a0       0x18 joystick.o
 .debug_ranges  0x000000b8       0x48 main.o
 .debug_ranges  0x00000100       0x50 protocol.o
 .debug_ranges  0x00000150       0x30 serialcom.o
 .debug_ranges  0x00000180       0x50 src/board/board.o
 .debug_ranges  0x000001d0       0x38 src/buffer/buffer.o
 .debug_ranges  0x00000208       0x30 src/FreeRTOS/Source/list.o
 .debug_ranges  0x00000238       0x40 src/FreeRTOS/Source/portable/GCC/ATMega324/port.o
 .debug_ranges  0x00000278       0x48 src/serial/serial.o
 .debug_ranges  0x000002c0       0x30 src/FreeRTOS/Source/portable/MemMang/heap_2.o
 .debug_ranges  0x000002f0       0xf0 src/FreeRTOS/Source/queue.o
 .debug_ranges  0x000003e0      0x1a0 src/FreeRTOS/Source/tasks.o

.debug_macro
 *(.debug_macro)
OUTPUT(SEP4E-Two-player-pingPong.elf elf32-avr)
LOAD linker stubs
